// Jest Snapshot v1, https://goo.gl/fbAQLP

exports[`<Posts> should match snapshot 1`] = `
<div
  class="posts"
>
  <div
    class="post"
  >
    <img
      alt="teste 1"
      src="img/img1.png"
    />
    <div
      class="post-content"
    >
      <h2>
        teste 1
      </h2>
      <h5>
        teste 1
      </h5>
    </div>
  </div>
  <div
    class="post"
  >
    <img
      alt="teste 2"
      src="img/img2.png"
    />
    <div
      class="post-content"
    >
      <h2>
        teste 2
      </h2>
      <h5>
        teste 2
      </h5>
    </div>
  </div>
  <div
    class="post"
  >
    <img
      alt="teste 3"
      src="img/img3.png"
    />
    <div
      class="post-content"
    >
      <h2>
        teste 3
      </h2>
      <h5>
        teste 3
      </h5>
    </div>
  </div>
</div>
`;
