// Jest Snapshot v1, https://goo.gl/fbAQLP

exports[`<PostCard/> should match snapshot 1`] = `
<div
  class="post"
>
  <img
    alt="test 1"
    src="img/img.png"
  />
  <div
    class="post-content"
  >
    <h2>
      test 1
    </h2>
    <h5>
      test 2
    </h5>
  </div>
</div>
`;
